
> agency-os@0.1.0 typecheck
> tsc --noEmit

src/lib/supabase/client.ts(1,37): error TS7016: Could not find a declaration file for module '@supabase/ssr'. 'C:/Users/crist/Documents/PROYECTOS/Publiko/node_modules/@supabase/ssr/dist/main/index.js' implicitly has an 'any' type.
  Try `npm i --save-dev @types/supabase__ssr` if it exists or add a new declaration (.d.ts) file containing `declare module '@supabase/ssr';`
src/lib/supabase/middleware.ts(2,36): error TS7016: Could not find a declaration file for module '@supabase/ssr'. 'C:/Users/crist/Documents/PROYECTOS/Publiko/node_modules/@supabase/ssr/dist/main/index.js' implicitly has an 'any' type.
  Try `npm i --save-dev @types/supabase__ssr` if it exists or add a new declaration (.d.ts) file containing `declare module '@supabase/ssr';`
src/lib/supabase/middleware.ts(18,16): error TS7006: Parameter 'cookiesToSet' implicitly has an 'any' type.
src/lib/supabase/middleware.ts(19,35): error TS7031: Binding element 'name' implicitly has an 'any' type.
src/lib/supabase/middleware.ts(19,41): error TS7031: Binding element 'value' implicitly has an 'any' type.
src/lib/supabase/middleware.ts(21,35): error TS7031: Binding element 'name' implicitly has an 'any' type.
src/lib/supabase/middleware.ts(21,41): error TS7031: Binding element 'value' implicitly has an 'any' type.
src/lib/supabase/middleware.ts(21,48): error TS7031: Binding element 'options' implicitly has an 'any' type.
src/lib/supabase/server.ts(2,36): error TS7016: Could not find a declaration file for module '@supabase/ssr'. 'C:/Users/crist/Documents/PROYECTOS/Publiko/node_modules/@supabase/ssr/dist/main/index.js' implicitly has an 'any' type.
  Try `npm i --save-dev @types/supabase__ssr` if it exists or add a new declaration (.d.ts) file containing `declare module '@supabase/ssr';`
src/lib/supabase/server.ts(18,16): error TS7006: Parameter 'cookiesToSet' implicitly has an 'any' type.
src/lib/supabase/server.ts(20,37): error TS7031: Binding element 'name' implicitly has an 'any' type.
src/lib/supabase/server.ts(20,43): error TS7031: Binding element 'value' implicitly has an 'any' type.
src/lib/supabase/server.ts(20,50): error TS7031: Binding element 'options' implicitly has an 'any' type.
